2025-02-11 14:16:15 DEBUG Qt default Qt version: 5.15.2 32 0x00000000025dac10 ..\..\src\cpp\main.cpp int qMain(int, char**) 120 ..\..\src\cpp\main.cpp:120 - int qMain(int, char**) 
2025-02-11 14:16:15 DEBUG Qt default The font library supported by the current device: "Arial" 71 0x00000000025dac10 ..\..\src\cpp\main.cpp void testFonts() 23 ..\..\src\cpp\main.cpp:23 - void testFonts() 
2025-02-11 14:16:15 DEBUG Qt default The font library supported by the current device: "Arial Black" 71 0x00000000025dac10 ..\..\src\cpp\main.cpp void testFonts() 23 ..\..\src\cpp\main.cpp:23 - void testFonts() 
2025-02-11 14:16:15 DEBUG Qt default The font library supported by the current device: "Bahnschrift" 72 0x00000000025dac10 ..\..\src\cpp\main.cpp void testFonts() 23 ..\..\src\cpp\main.cpp:23 - void testFonts() 
2025-02-11 14:16:15 DEBUG Qt default The font library supported by the current device: "Bahnschrift Condensed" 72 0x00000000025dac10 ..\..\src\cpp\main.cpp void testFonts() 23 ..\..\src\cpp\main.cpp:23 - void testFonts() 
2025-02-11 14:16:15 DEBUG Qt default The font library supported by the current device: "Bahnschrift Light" 72 0x00000000025dac10 ..\..\src\cpp\main.cpp void testFonts() 23 ..\..\src\cpp\main.cpp:23 - void testFonts() 
2025-02-11 14:16:15 DEBUG Qt default The font library supported by the current device: "Bahnschrift Light Condensed" 72 0x00000000025dac10 ..\..\src\cpp\main.cpp void testFonts() 23 ..\..\src\cpp\main.cpp:23 - void testFonts() 
2025-02-11 14:16:15 DEBUG Qt default The font library supported by the current device: "Bahnschrift Light SemiCondensed" 72 0x00000000025dac10 ..\..\src\cpp\main.cpp void testFonts() 23 ..\..\src\cpp\main.cpp:23 - void testFonts() 
2025-02-11 14:16:15 DEBUG Qt default The font library supported by the current device: "Bahnschrift SemiBold" 72 0x00000000025dac10 ..\..\src\cpp\main.cpp void testFonts() 23 ..\..\src\cpp\main.cpp:23 - void testFonts() 
2025-02-11 14:16:15 DEBUG Qt default The font library supported by the current device: "Bahnschrift SemiBold Condensed" 72 0x00000000025dac10 ..\..\src\cpp\main.cpp void testFonts() 23 ..\..\src\cpp\main.cpp:23 - void testFonts() 
2025-02-11 14:16:15 DEBUG Qt default The font library supported by the current device: "Bahnschrift SemiBold SemiConden" 72 0x00000000025dac10 ..\..\src\cpp\main.cpp void testFonts() 23 ..\..\src\cpp\main.cpp:23 - void testFonts() 
2025-02-11 14:16:15 DEBUG Qt default The font library supported by the current device: "Bahnschrift SemiCondensed" 72 0x00000000025dac10 ..\..\src\cpp\main.cpp void testFonts() 23 ..\..\src\cpp\main.cpp:23 - void testFonts() 
2025-02-11 14:16:15 DEBUG Qt default The font library supported by the current device: "Bahnschrift SemiLight" 72 0x00000000025dac10 ..\..\src\cpp\main.cpp void testFonts() 23 ..\..\src\cpp\main.cpp:23 - void testFonts() 
2025-02-11 14:16:15 DEBUG Qt default The font library supported by the current device: "Bahnschrift SemiLight Condensed" 72 0x00000000025dac10 ..\..\src\cpp\main.cpp void testFonts() 23 ..\..\src\cpp\main.cpp:23 - void testFonts() 
2025-02-11 14:16:15 DEBUG Qt default The font library supported by the current device: "Bahnschrift SemiLight SemiConde" 72 0x00000000025dac10 ..\..\src\cpp\main.cpp void testFonts() 23 ..\..\src\cpp\main.cpp:23 - void testFonts() 
2025-02-11 14:16:15 DEBUG Qt default The font library supported by the current device: "Book Antiqua" 72 0x00000000025dac10 ..\..\src\cpp\main.cpp void testFonts() 23 ..\..\src\cpp\main.cpp:23 - void testFonts() 
2025-02-11 14:16:15 DEBUG Qt default The font library supported by the current device: "Calibri" 72 0x00000000025dac10 ..\..\src\cpp\main.cpp void testFonts() 23 ..\..\src\cpp\main.cpp:23 - void testFonts() 
2025-02-11 14:16:15 DEBUG Qt default The font library supported by the current device: "Calibri Light" 72 0x00000000025dac10 ..\..\src\cpp\main.cpp void testFonts() 23 ..\..\src\cpp\main.cpp:23 - void testFonts() 
2025-02-11 14:16:15 DEBUG Qt default The font library supported by the current device: "Cambria" 72 0x00000000025dac10 ..\..\src\cpp\main.cpp void testFonts() 23 ..\..\src\cpp\main.cpp:23 - void testFonts() 
2025-02-11 14:16:15 DEBUG Qt default The font library supported by the current device: "Cambria Math" 72 0x00000000025dac10 ..\..\src\cpp\main.cpp void testFonts() 23 ..\..\src\cpp\main.cpp:23 - void testFonts() 
2025-02-11 14:16:15 DEBUG Qt default The font library supported by the current device: "Candara" 72 0x00000000025dac10 ..\..\src\cpp\main.cpp void testFonts() 23 ..\..\src\cpp\main.cpp:23 - void testFonts() 
2025-02-11 14:16:15 DEBUG Qt default The font library supported by the current device: "Candara Light" 72 0x00000000025dac10 ..\..\src\cpp\main.cpp void testFonts() 23 ..\..\src\cpp\main.cpp:23 - void testFonts() 
2025-02-11 14:16:15 DEBUG Qt default The font library supported by the current device: "Century" 72 0x00000000025dac10 ..\..\src\cpp\main.cpp void testFonts() 23 ..\..\src\cpp\main.cpp:23 - void testFonts() 
2025-02-11 14:16:15 DEBUG Qt default The font library supported by the current device: "Century Gothic" 72 0x00000000025dac10 ..\..\src\cpp\main.cpp void testFonts() 23 ..\..\src\cpp\main.cpp:23 - void testFonts() 
2025-02-11 14:16:15 DEBUG Qt default The font library supported by the current device: "Comic Sans MS" 72 0x00000000025dac10 ..\..\src\cpp\main.cpp void testFonts() 23 ..\..\src\cpp\main.cpp:23 - void testFonts() 
2025-02-11 14:16:15 DEBUG Qt default The font library supported by the current device: "Consolas" 72 0x00000000025dac10 ..\..\src\cpp\main.cpp void testFonts() 23 ..\..\src\cpp\main.cpp:23 - void testFonts() 
2025-02-11 14:16:15 DEBUG Qt default The font library supported by the current device: "Constantia" 72 0x00000000025dac10 ..\..\src\cpp\main.cpp void testFonts() 23 ..\..\src\cpp\main.cpp:23 - void testFonts() 
2025-02-11 14:16:15 DEBUG Qt default The font library supported by the current device: "Corbel" 72 0x00000000025dac10 ..\..\src\cpp\main.cpp void testFonts() 23 ..\..\src\cpp\main.cpp:23 - void testFonts() 
2025-02-11 14:16:15 DEBUG Qt default The font library supported by the current device: "Corbel Light" 72 0x00000000025dac10 ..\..\src\cpp\main.cpp void testFonts() 23 ..\..\src\cpp\main.cpp:23 - void testFonts() 
2025-02-11 14:16:15 DEBUG Qt default The font library supported by the current device: "Courier" 72 0x00000000025dac10 ..\..\src\cpp\main.cpp void testFonts() 23 ..\..\src\cpp\main.cpp:23 - void testFonts() 
2025-02-11 14:16:15 DEBUG Qt default The font library supported by the current device: "Courier New" 73 0x00000000025dac10 ..\..\src\cpp\main.cpp void testFonts() 23 ..\..\src\cpp\main.cpp:23 - void testFonts() 
2025-02-11 14:16:15 DEBUG Qt default The font library supported by the current device: "Ebrima" 73 0x00000000025dac10 ..\..\src\cpp\main.cpp void testFonts() 23 ..\..\src\cpp\main.cpp:23 - void testFonts() 
2025-02-11 14:16:15 DEBUG Qt default The font library supported by the current device: "Fixedsys" 73 0x00000000025dac10 ..\..\src\cpp\main.cpp void testFonts() 23 ..\..\src\cpp\main.cpp:23 - void testFonts() 
2025-02-11 14:16:15 DEBUG Qt default The font library supported by the current device: "Franklin Gothic Medium" 73 0x00000000025dac10 ..\..\src\cpp\main.cpp void testFonts() 23 ..\..\src\cpp\main.cpp:23 - void testFonts() 
2025-02-11 14:16:15 DEBUG Qt default The font library supported by the current device: "Gabriola" 73 0x00000000025dac10 ..\..\src\cpp\main.cpp void testFonts() 23 ..\..\src\cpp\main.cpp:23 - void testFonts() 
2025-02-11 14:16:15 DEBUG Qt default The font library supported by the current device: "Gadugi" 73 0x00000000025dac10 ..\..\src\cpp\main.cpp void testFonts() 23 ..\..\src\cpp\main.cpp:23 - void testFonts() 
2025-02-11 14:16:15 DEBUG Qt default The font library supported by the current device: "Georgia" 73 0x00000000025dac10 ..\..\src\cpp\main.cpp void testFonts() 23 ..\..\src\cpp\main.cpp:23 - void testFonts() 
2025-02-11 14:16:15 DEBUG Qt default The font library supported by the current device: "HoloLens MDL2 Assets" 73 0x00000000025dac10 ..\..\src\cpp\main.cpp void testFonts() 23 ..\..\src\cpp\main.cpp:23 - void testFonts() 
2025-02-11 14:16:15 DEBUG Qt default The font library supported by the current device: "Impact" 73 0x00000000025dac10 ..\..\src\cpp\main.cpp void testFonts() 23 ..\..\src\cpp\main.cpp:23 - void testFonts() 
2025-02-11 14:16:15 DEBUG Qt default The font library supported by the current device: "Ink Free" 73 0x00000000025dac10 ..\..\src\cpp\main.cpp void testFonts() 23 ..\..\src\cpp\main.cpp:23 - void testFonts() 
2025-02-11 14:16:15 DEBUG Qt default The font library supported by the current device: "Javanese Text" 73 0x00000000025dac10 ..\..\src\cpp\main.cpp void testFonts() 23 ..\..\src\cpp\main.cpp:23 - void testFonts() 
2025-02-11 14:16:15 DEBUG Qt default The font library supported by the current device: "Leelawadee" 73 0x00000000025dac10 ..\..\src\cpp\main.cpp void testFonts() 23 ..\..\src\cpp\main.cpp:23 - void testFonts() 
2025-02-11 14:16:15 DEBUG Qt default The font library supported by the current device: "Leelawadee UI" 73 0x00000000025dac10 ..\..\src\cpp\main.cpp void testFonts() 23 ..\..\src\cpp\main.cpp:23 - void testFonts() 
2025-02-11 14:16:15 DEBUG Qt default The font library supported by the current device: "Leelawadee UI Semilight" 73 0x00000000025dac10 ..\..\src\cpp\main.cpp void testFonts() 23 ..\..\src\cpp\main.cpp:23 - void testFonts() 
2025-02-11 14:16:15 DEBUG Qt default The font library supported by the current device: "Lucida Console" 73 0x00000000025dac10 ..\..\src\cpp\main.cpp void testFonts() 23 ..\..\src\cpp\main.cpp:23 - void testFonts() 
2025-02-11 14:16:15 DEBUG Qt default The font library supported by the current device: "Lucida Sans Unicode" 73 0x00000000025dac10 ..\..\src\cpp\main.cpp void testFonts() 23 ..\..\src\cpp\main.cpp:23 - void testFonts() 
2025-02-11 14:16:15 DEBUG Qt default The font library supported by the current device: "Malgun Gothic" 73 0x00000000025dac10 ..\..\src\cpp\main.cpp void testFonts() 23 ..\..\src\cpp\main.cpp:23 - void testFonts() 
2025-02-11 14:16:15 DEBUG Qt default The font library supported by the current device: "Malgun Gothic Semilight" 73 0x00000000025dac10 ..\..\src\cpp\main.cpp void testFonts() 23 ..\..\src\cpp\main.cpp:23 - void testFonts() 
2025-02-11 14:16:15 DEBUG Qt default The font library supported by the current device: "Marlett" 73 0x00000000025dac10 ..\..\src\cpp\main.cpp void testFonts() 23 ..\..\src\cpp\main.cpp:23 - void testFonts() 
2025-02-11 14:16:15 DEBUG Qt default The font library supported by the current device: "Microsoft Himalaya" 73 0x00000000025dac10 ..\..\src\cpp\main.cpp void testFonts() 23 ..\..\src\cpp\main.cpp:23 - void testFonts() 
2025-02-11 14:16:15 DEBUG Qt default The font library supported by the current device: "Microsoft JhengHei" 73 0x00000000025dac10 ..\..\src\cpp\main.cpp void testFonts() 23 ..\..\src\cpp\main.cpp:23 - void testFonts() 
2025-02-11 14:16:15 DEBUG Qt default The font library supported by the current device: "Microsoft JhengHei Light" 73 0x00000000025dac10 ..\..\src\cpp\main.cpp void testFonts() 23 ..\..\src\cpp\main.cpp:23 - void testFonts() 
2025-02-11 14:16:15 DEBUG Qt default The font library supported by the current device: "Microsoft JhengHei UI" 73 0x00000000025dac10 ..\..\src\cpp\main.cpp void testFonts() 23 ..\..\src\cpp\main.cpp:23 - void testFonts() 
2025-02-11 14:16:15 DEBUG Qt default The font library supported by the current device: "Microsoft JhengHei UI Light" 73 0x00000000025dac10 ..\..\src\cpp\main.cpp void testFonts() 23 ..\..\src\cpp\main.cpp:23 - void testFonts() 
2025-02-11 14:16:15 DEBUG Qt default The font library supported by the current device: "Microsoft New Tai Lue" 73 0x00000000025dac10 ..\..\src\cpp\main.cpp void testFonts() 23 ..\..\src\cpp\main.cpp:23 - void testFonts() 
2025-02-11 14:16:15 DEBUG Qt default The font library supported by the current device: "Microsoft PhagsPa" 73 0x00000000025dac10 ..\..\src\cpp\main.cpp void testFonts() 23 ..\..\src\cpp\main.cpp:23 - void testFonts() 
2025-02-11 14:16:15 DEBUG Qt default The font library supported by the current device: "Microsoft Sans Serif" 73 0x00000000025dac10 ..\..\src\cpp\main.cpp void testFonts() 23 ..\..\src\cpp\main.cpp:23 - void testFonts() 
2025-02-11 14:16:15 DEBUG Qt default The font library supported by the current device: "Microsoft Tai Le" 73 0x00000000025dac10 ..\..\src\cpp\main.cpp void testFonts() 23 ..\..\src\cpp\main.cpp:23 - void testFonts() 
2025-02-11 14:16:15 DEBUG Qt default The font library supported by the current device: "Microsoft Uighur" 74 0x00000000025dac10 ..\..\src\cpp\main.cpp void testFonts() 23 ..\..\src\cpp\main.cpp:23 - void testFonts() 
2025-02-11 14:16:15 DEBUG Qt default The font library supported by the current device: "Microsoft YaHei UI" 74 0x00000000025dac10 ..\..\src\cpp\main.cpp void testFonts() 23 ..\..\src\cpp\main.cpp:23 - void testFonts() 
2025-02-11 14:16:15 DEBUG Qt default The font library supported by the current device: "Microsoft YaHei UI Light" 74 0x00000000025dac10 ..\..\src\cpp\main.cpp void testFonts() 23 ..\..\src\cpp\main.cpp:23 - void testFonts() 
2025-02-11 14:16:15 DEBUG Qt default The font library supported by the current device: "Microsoft Yi Baiti" 74 0x00000000025dac10 ..\..\src\cpp\main.cpp void testFonts() 23 ..\..\src\cpp\main.cpp:23 - void testFonts() 
2025-02-11 14:16:15 DEBUG Qt default The font library supported by the current device: "MingLiU-ExtB" 74 0x00000000025dac10 ..\..\src\cpp\main.cpp void testFonts() 23 ..\..\src\cpp\main.cpp:23 - void testFonts() 
2025-02-11 14:16:15 DEBUG Qt default The font library supported by the current device: "MingLiU_HKSCS-ExtB" 74 0x00000000025dac10 ..\..\src\cpp\main.cpp void testFonts() 23 ..\..\src\cpp\main.cpp:23 - void testFonts() 
2025-02-11 14:16:15 DEBUG Qt default The font library supported by the current device: "Modern" 74 0x00000000025dac10 ..\..\src\cpp\main.cpp void testFonts() 23 ..\..\src\cpp\main.cpp:23 - void testFonts() 
2025-02-11 14:16:15 DEBUG Qt default The font library supported by the current device: "Mongolian Baiti" 74 0x00000000025dac10 ..\..\src\cpp\main.cpp void testFonts() 23 ..\..\src\cpp\main.cpp:23 - void testFonts() 
2025-02-11 14:16:15 DEBUG Qt default The font library supported by the current device: "MS Gothic" 74 0x00000000025dac10 ..\..\src\cpp\main.cpp void testFonts() 23 ..\..\src\cpp\main.cpp:23 - void testFonts() 
2025-02-11 14:16:15 DEBUG Qt default The font library supported by the current device: "MS PGothic" 74 0x00000000025dac10 ..\..\src\cpp\main.cpp void testFonts() 23 ..\..\src\cpp\main.cpp:23 - void testFonts() 
2025-02-11 14:16:15 DEBUG Qt default The font library supported by the current device: "MS Sans Serif" 74 0x00000000025dac10 ..\..\src\cpp\main.cpp void testFonts() 23 ..\..\src\cpp\main.cpp:23 - void testFonts() 
2025-02-11 14:16:15 DEBUG Qt default The font library supported by the current device: "MS Serif" 74 0x00000000025dac10 ..\..\src\cpp\main.cpp void testFonts() 23 ..\..\src\cpp\main.cpp:23 - void testFonts() 
2025-02-11 14:16:15 DEBUG Qt default The font library supported by the current device: "MS UI Gothic" 74 0x00000000025dac10 ..\..\src\cpp\main.cpp void testFonts() 23 ..\..\src\cpp\main.cpp:23 - void testFonts() 
2025-02-11 14:16:15 DEBUG Qt default The font library supported by the current device: "MT Extra" 74 0x00000000025dac10 ..\..\src\cpp\main.cpp void testFonts() 23 ..\..\src\cpp\main.cpp:23 - void testFonts() 
2025-02-11 14:16:15 DEBUG Qt default The font library supported by the current device: "MV Boli" 74 0x00000000025dac10 ..\..\src\cpp\main.cpp void testFonts() 23 ..\..\src\cpp\main.cpp:23 - void testFonts() 
2025-02-11 14:16:15 DEBUG Qt default The font library supported by the current device: "Myanmar Text" 74 0x00000000025dac10 ..\..\src\cpp\main.cpp void testFonts() 23 ..\..\src\cpp\main.cpp:23 - void testFonts() 
2025-02-11 14:16:15 DEBUG Qt default The font library supported by the current device: "Nirmala UI" 74 0x00000000025dac10 ..\..\src\cpp\main.cpp void testFonts() 23 ..\..\src\cpp\main.cpp:23 - void testFonts() 
2025-02-11 14:16:15 DEBUG Qt default The font library supported by the current device: "Nirmala UI Semilight" 74 0x00000000025dac10 ..\..\src\cpp\main.cpp void testFonts() 23 ..\..\src\cpp\main.cpp:23 - void testFonts() 
2025-02-11 14:16:15 DEBUG Qt default The font library supported by the current device: "Palatino Linotype" 74 0x00000000025dac10 ..\..\src\cpp\main.cpp void testFonts() 23 ..\..\src\cpp\main.cpp:23 - void testFonts() 
2025-02-11 14:16:15 DEBUG Qt default The font library supported by the current device: "PMingLiU-ExtB" 74 0x00000000025dac10 ..\..\src\cpp\main.cpp void testFonts() 23 ..\..\src\cpp\main.cpp:23 - void testFonts() 
2025-02-11 14:16:15 DEBUG Qt default The font library supported by the current device: "Roman" 74 0x00000000025dac10 ..\..\src\cpp\main.cpp void testFonts() 23 ..\..\src\cpp\main.cpp:23 - void testFonts() 
2025-02-11 14:16:15 DEBUG Qt default The font library supported by the current device: "Script" 74 0x00000000025dac10 ..\..\src\cpp\main.cpp void testFonts() 23 ..\..\src\cpp\main.cpp:23 - void testFonts() 
2025-02-11 14:16:15 DEBUG Qt default The font library supported by the current device: "Segoe MDL2 Assets" 74 0x00000000025dac10 ..\..\src\cpp\main.cpp void testFonts() 23 ..\..\src\cpp\main.cpp:23 - void testFonts() 
2025-02-11 14:16:15 DEBUG Qt default The font library supported by the current device: "Segoe Print" 74 0x00000000025dac10 ..\..\src\cpp\main.cpp void testFonts() 23 ..\..\src\cpp\main.cpp:23 - void testFonts() 
2025-02-11 14:16:15 DEBUG Qt default The font library supported by the current device: "Segoe Script" 74 0x00000000025dac10 ..\..\src\cpp\main.cpp void testFonts() 23 ..\..\src\cpp\main.cpp:23 - void testFonts() 
2025-02-11 14:16:15 DEBUG Qt default The font library supported by the current device: "Segoe UI" 74 0x00000000025dac10 ..\..\src\cpp\main.cpp void testFonts() 23 ..\..\src\cpp\main.cpp:23 - void testFonts() 
2025-02-11 14:16:15 DEBUG Qt default The font library supported by the current device: "Segoe UI Black" 74 0x00000000025dac10 ..\..\src\cpp\main.cpp void testFonts() 23 ..\..\src\cpp\main.cpp:23 - void testFonts() 
2025-02-11 14:16:15 DEBUG Qt default The font library supported by the current device: "Segoe UI Emoji" 74 0x00000000025dac10 ..\..\src\cpp\main.cpp void testFonts() 23 ..\..\src\cpp\main.cpp:23 - void testFonts() 
2025-02-11 14:16:15 DEBUG Qt default The font library supported by the current device: "Segoe UI Historic" 74 0x00000000025dac10 ..\..\src\cpp\main.cpp void testFonts() 23 ..\..\src\cpp\main.cpp:23 - void testFonts() 
2025-02-11 14:16:15 DEBUG Qt default The font library supported by the current device: "Segoe UI Light" 75 0x00000000025dac10 ..\..\src\cpp\main.cpp void testFonts() 23 ..\..\src\cpp\main.cpp:23 - void testFonts() 
2025-02-11 14:16:15 DEBUG Qt default The font library supported by the current device: "Segoe UI Semibold" 75 0x00000000025dac10 ..\..\src\cpp\main.cpp void testFonts() 23 ..\..\src\cpp\main.cpp:23 - void testFonts() 
2025-02-11 14:16:15 DEBUG Qt default The font library supported by the current device: "Segoe UI Semilight" 75 0x00000000025dac10 ..\..\src\cpp\main.cpp void testFonts() 23 ..\..\src\cpp\main.cpp:23 - void testFonts() 
2025-02-11 14:16:15 DEBUG Qt default The font library supported by the current device: "Segoe UI Symbol" 75 0x00000000025dac10 ..\..\src\cpp\main.cpp void testFonts() 23 ..\..\src\cpp\main.cpp:23 - void testFonts() 
2025-02-11 14:16:15 DEBUG Qt default The font library supported by the current device: "SimSun-ExtB" 75 0x00000000025dac10 ..\..\src\cpp\main.cpp void testFonts() 23 ..\..\src\cpp\main.cpp:23 - void testFonts() 
2025-02-11 14:16:15 DEBUG Qt default The font library supported by the current device: "Sitka Banner" 75 0x00000000025dac10 ..\..\src\cpp\main.cpp void testFonts() 23 ..\..\src\cpp\main.cpp:23 - void testFonts() 
2025-02-11 14:16:15 DEBUG Qt default The font library supported by the current device: "Sitka Display" 75 0x00000000025dac10 ..\..\src\cpp\main.cpp void testFonts() 23 ..\..\src\cpp\main.cpp:23 - void testFonts() 
2025-02-11 14:16:15 DEBUG Qt default The font library supported by the current device: "Sitka Heading" 75 0x00000000025dac10 ..\..\src\cpp\main.cpp void testFonts() 23 ..\..\src\cpp\main.cpp:23 - void testFonts() 
2025-02-11 14:16:15 DEBUG Qt default The font library supported by the current device: "Sitka Small" 75 0x00000000025dac10 ..\..\src\cpp\main.cpp void testFonts() 23 ..\..\src\cpp\main.cpp:23 - void testFonts() 
2025-02-11 14:16:15 DEBUG Qt default The font library supported by the current device: "Sitka Subheading" 75 0x00000000025dac10 ..\..\src\cpp\main.cpp void testFonts() 23 ..\..\src\cpp\main.cpp:23 - void testFonts() 
2025-02-11 14:16:15 DEBUG Qt default The font library supported by the current device: "Sitka Text" 75 0x00000000025dac10 ..\..\src\cpp\main.cpp void testFonts() 23 ..\..\src\cpp\main.cpp:23 - void testFonts() 
2025-02-11 14:16:15 DEBUG Qt default The font library supported by the current device: "Small Fonts" 75 0x00000000025dac10 ..\..\src\cpp\main.cpp void testFonts() 23 ..\..\src\cpp\main.cpp:23 - void testFonts() 
2025-02-11 14:16:15 DEBUG Qt default The font library supported by the current device: "Sylfaen" 75 0x00000000025dac10 ..\..\src\cpp\main.cpp void testFonts() 23 ..\..\src\cpp\main.cpp:23 - void testFonts() 
2025-02-11 14:16:15 DEBUG Qt default The font library supported by the current device: "Symbol" 75 0x00000000025dac10 ..\..\src\cpp\main.cpp void testFonts() 23 ..\..\src\cpp\main.cpp:23 - void testFonts() 
2025-02-11 14:16:15 DEBUG Qt default The font library supported by the current device: "System" 75 0x00000000025dac10 ..\..\src\cpp\main.cpp void testFonts() 23 ..\..\src\cpp\main.cpp:23 - void testFonts() 
2025-02-11 14:16:15 DEBUG Qt default The font library supported by the current device: "Tahoma" 75 0x00000000025dac10 ..\..\src\cpp\main.cpp void testFonts() 23 ..\..\src\cpp\main.cpp:23 - void testFonts() 
2025-02-11 14:16:15 DEBUG Qt default The font library supported by the current device: "Terminal" 75 0x00000000025dac10 ..\..\src\cpp\main.cpp void testFonts() 23 ..\..\src\cpp\main.cpp:23 - void testFonts() 
2025-02-11 14:16:15 DEBUG Qt default The font library supported by the current device: "Times New Roman" 75 0x00000000025dac10 ..\..\src\cpp\main.cpp void testFonts() 23 ..\..\src\cpp\main.cpp:23 - void testFonts() 
2025-02-11 14:16:15 DEBUG Qt default The font library supported by the current device: "Trebuchet MS" 75 0x00000000025dac10 ..\..\src\cpp\main.cpp void testFonts() 23 ..\..\src\cpp\main.cpp:23 - void testFonts() 
2025-02-11 14:16:15 DEBUG Qt default The font library supported by the current device: "Verdana" 75 0x00000000025dac10 ..\..\src\cpp\main.cpp void testFonts() 23 ..\..\src\cpp\main.cpp:23 - void testFonts() 
2025-02-11 14:16:15 DEBUG Qt default The font library supported by the current device: "Webdings" 75 0x00000000025dac10 ..\..\src\cpp\main.cpp void testFonts() 23 ..\..\src\cpp\main.cpp:23 - void testFonts() 
2025-02-11 14:16:15 DEBUG Qt default The font library supported by the current device: "Wingdings" 75 0x00000000025dac10 ..\..\src\cpp\main.cpp void testFonts() 23 ..\..\src\cpp\main.cpp:23 - void testFonts() 
2025-02-11 14:16:15 DEBUG Qt default The font library supported by the current device: "Wingdings 2" 75 0x00000000025dac10 ..\..\src\cpp\main.cpp void testFonts() 23 ..\..\src\cpp\main.cpp:23 - void testFonts() 
2025-02-11 14:16:15 DEBUG Qt default The font library supported by the current device: "Wingdings 3" 75 0x00000000025dac10 ..\..\src\cpp\main.cpp void testFonts() 23 ..\..\src\cpp\main.cpp:23 - void testFonts() 
2025-02-11 14:16:15 DEBUG Qt default The font library supported by the current device: "Yu Gothic" 75 0x00000000025dac10 ..\..\src\cpp\main.cpp void testFonts() 23 ..\..\src\cpp\main.cpp:23 - void testFonts() 
2025-02-11 14:16:15 DEBUG Qt default The font library supported by the current device: "Yu Gothic Light" 75 0x00000000025dac10 ..\..\src\cpp\main.cpp void testFonts() 23 ..\..\src\cpp\main.cpp:23 - void testFonts() 
2025-02-11 14:16:15 DEBUG Qt default The font library supported by the current device: "Yu Gothic Medium" 75 0x00000000025dac10 ..\..\src\cpp\main.cpp void testFonts() 23 ..\..\src\cpp\main.cpp:23 - void testFonts() 
2025-02-11 14:16:15 DEBUG Qt default The font library supported by the current device: "Yu Gothic UI" 75 0x00000000025dac10 ..\..\src\cpp\main.cpp void testFonts() 23 ..\..\src\cpp\main.cpp:23 - void testFonts() 
2025-02-11 14:16:15 DEBUG Qt default The font library supported by the current device: "Yu Gothic UI Light" 75 0x00000000025dac10 ..\..\src\cpp\main.cpp void testFonts() 23 ..\..\src\cpp\main.cpp:23 - void testFonts() 
2025-02-11 14:16:15 DEBUG Qt default The font library supported by the current device: "Yu Gothic UI Semibold" 75 0x00000000025dac10 ..\..\src\cpp\main.cpp void testFonts() 23 ..\..\src\cpp\main.cpp:23 - void testFonts() 
2025-02-11 14:16:15 DEBUG Qt default The font library supported by the current device: "Yu Gothic UI Semilight" 76 0x00000000025dac10 ..\..\src\cpp\main.cpp void testFonts() 23 ..\..\src\cpp\main.cpp:23 - void testFonts() 
2025-02-11 14:16:15 DEBUG Qt default The font library supported by the current device: "仿宋" 76 0x00000000025dac10 ..\..\src\cpp\main.cpp void testFonts() 23 ..\..\src\cpp\main.cpp:23 - void testFonts() 
2025-02-11 14:16:15 DEBUG Qt default The font library supported by the current device: "华文中宋" 76 0x00000000025dac10 ..\..\src\cpp\main.cpp void testFonts() 23 ..\..\src\cpp\main.cpp:23 - void testFonts() 
2025-02-11 14:16:15 DEBUG Qt default The font library supported by the current device: "华文仿宋" 76 0x00000000025dac10 ..\..\src\cpp\main.cpp void testFonts() 23 ..\..\src\cpp\main.cpp:23 - void testFonts() 
2025-02-11 14:16:15 DEBUG Qt default The font library supported by the current device: "华文宋体" 76 0x00000000025dac10 ..\..\src\cpp\main.cpp void testFonts() 23 ..\..\src\cpp\main.cpp:23 - void testFonts() 
2025-02-11 14:16:15 DEBUG Qt default The font library supported by the current device: "华文彩云" 76 0x00000000025dac10 ..\..\src\cpp\main.cpp void testFonts() 23 ..\..\src\cpp\main.cpp:23 - void testFonts() 
2025-02-11 14:16:15 DEBUG Qt default The font library supported by the current device: "华文新魏" 76 0x00000000025dac10 ..\..\src\cpp\main.cpp void testFonts() 23 ..\..\src\cpp\main.cpp:23 - void testFonts() 
2025-02-11 14:16:15 DEBUG Qt default The font library supported by the current device: "华文楷体" 76 0x00000000025dac10 ..\..\src\cpp\main.cpp void testFonts() 23 ..\..\src\cpp\main.cpp:23 - void testFonts() 
2025-02-11 14:16:15 DEBUG Qt default The font library supported by the current device: "华文琥珀" 76 0x00000000025dac10 ..\..\src\cpp\main.cpp void testFonts() 23 ..\..\src\cpp\main.cpp:23 - void testFonts() 
2025-02-11 14:16:15 DEBUG Qt default The font library supported by the current device: "华文细黑" 76 0x00000000025dac10 ..\..\src\cpp\main.cpp void testFonts() 23 ..\..\src\cpp\main.cpp:23 - void testFonts() 
2025-02-11 14:16:15 DEBUG Qt default The font library supported by the current device: "华文行楷" 76 0x00000000025dac10 ..\..\src\cpp\main.cpp void testFonts() 23 ..\..\src\cpp\main.cpp:23 - void testFonts() 
2025-02-11 14:16:15 DEBUG Qt default The font library supported by the current device: "华文隶书" 76 0x00000000025dac10 ..\..\src\cpp\main.cpp void testFonts() 23 ..\..\src\cpp\main.cpp:23 - void testFonts() 
2025-02-11 14:16:15 DEBUG Qt default The font library supported by the current device: "宋体" 76 0x00000000025dac10 ..\..\src\cpp\main.cpp void testFonts() 23 ..\..\src\cpp\main.cpp:23 - void testFonts() 
2025-02-11 14:16:15 DEBUG Qt default The font library supported by the current device: "幼圆" 76 0x00000000025dac10 ..\..\src\cpp\main.cpp void testFonts() 23 ..\..\src\cpp\main.cpp:23 - void testFonts() 
2025-02-11 14:16:15 DEBUG Qt default The font library supported by the current device: "微软雅黑" 76 0x00000000025dac10 ..\..\src\cpp\main.cpp void testFonts() 23 ..\..\src\cpp\main.cpp:23 - void testFonts() 
2025-02-11 14:16:15 DEBUG Qt default The font library supported by the current device: "微软雅黑 Light" 76 0x00000000025dac10 ..\..\src\cpp\main.cpp void testFonts() 23 ..\..\src\cpp\main.cpp:23 - void testFonts() 
2025-02-11 14:16:15 DEBUG Qt default The font library supported by the current device: "新宋体" 76 0x00000000025dac10 ..\..\src\cpp\main.cpp void testFonts() 23 ..\..\src\cpp\main.cpp:23 - void testFonts() 
2025-02-11 14:16:15 DEBUG Qt default The font library supported by the current device: "方正姚体" 76 0x00000000025dac10 ..\..\src\cpp\main.cpp void testFonts() 23 ..\..\src\cpp\main.cpp:23 - void testFonts() 
2025-02-11 14:16:15 DEBUG Qt default The font library supported by the current device: "方正舒体" 76 0x00000000025dac10 ..\..\src\cpp\main.cpp void testFonts() 23 ..\..\src\cpp\main.cpp:23 - void testFonts() 
2025-02-11 14:16:15 DEBUG Qt default The font library supported by the current device: "楷体" 76 0x00000000025dac10 ..\..\src\cpp\main.cpp void testFonts() 23 ..\..\src\cpp\main.cpp:23 - void testFonts() 
2025-02-11 14:16:15 DEBUG Qt default The font library supported by the current device: "等线" 76 0x00000000025dac10 ..\..\src\cpp\main.cpp void testFonts() 23 ..\..\src\cpp\main.cpp:23 - void testFonts() 
2025-02-11 14:16:15 DEBUG Qt default The font library supported by the current device: "等线 Light" 76 0x00000000025dac10 ..\..\src\cpp\main.cpp void testFonts() 23 ..\..\src\cpp\main.cpp:23 - void testFonts() 
2025-02-11 14:16:15 DEBUG Qt default The font library supported by the current device: "隶书" 76 0x00000000025dac10 ..\..\src\cpp\main.cpp void testFonts() 23 ..\..\src\cpp\main.cpp:23 - void testFonts() 
2025-02-11 14:16:15 DEBUG Qt default The font library supported by the current device: "黑体" 76 0x00000000025dac10 ..\..\src\cpp\main.cpp void testFonts() 23 ..\..\src\cpp\main.cpp:23 - void testFonts() 
2025-02-11 14:16:15 INFO Qt default load font: ":/FangZhengHeiTi-GBK-1.ttf" 90 0x00000000025dac10 ..\..\src\cpp\main.cpp void testFonts() 35 ..\..\src\cpp\main.cpp:35 - void testFonts() 
2025-02-11 14:17:10 DEBUG ::LoggerRepository Shutting down Hierarchy 55733 0x00000000025dac10   -1 :-1 -  
